"trace"
"trace"
"trace"
"debug"
"debug"
"debug"
"info"
"info"
"info"
"warn"
"warn"
"warn"
"warning"
"warning"
"error"
"error"
"error"
"fatal"
"fatal"
"fatal"
"critical"
"critical"