"{'suite-id':'auto-parse','test-id':'otel-map'}","{'account-id':'550e8400-e29b-41d4-a716-446655440000','message':'data sent as OTEL map should also extend the log attributes','user-id':'1234'}"