"debug",5,"debug - checkpoint a"
"debug",5,"dbug: value=1,found=false"