"warn",13,"app=1, notice: that things are not going well"
"warn",13,"warn: something something"