"{'suite-id':'auto-parse','test-id':'default'}","{}"
"{'suite-id':'auto-parse','test-id':'default'}","{}"
"{'suite-id':'auto-parse','test-id':'default'}","{}"
"{'suite-id':'auto-parse','test-id':'default'}","{}"