"error",17,"error: things aren't good"
"error",17,"err 00019: something went wrong"